

------------------------------------------------------------------------------

rm command

Vinay Kuresi@DESKTOP-9TD5GPC MINGW64 ~/Documents/Classes/DeVops/Linux (main)
$ ls
'Change Directory in Ubuntu.txt'   Linux_Commands/   introduction.docx
 Demo/                             Log_Files/       '~$troduction.docx'

Vinay Kuresi@DESKTOP-9TD5GPC MINGW64 ~/Documents/Classes/DeVops/Linux (main)
$ rmdir Demo/
rmdir: failed to remove 'Demo/': Directory not empty

Vinay Kuresi@DESKTOP-9TD5GPC MINGW64 ~/Documents/Classes/DeVops/Linux (main)
$ rm Demo
rm: cannot remove 'Demo': Is a directory

Vinay Kuresi@DESKTOP-9TD5GPC MINGW64 ~/Documents/Classes/DeVops/Linux (main)
$ cd Demo

Vinay Kuresi@DESKTOP-9TD5GPC MINGW64 ~/Documents/Classes/DeVops/Linux/Demo (main)
$ lds
bash: lds: command not found

Vinay Kuresi@DESKTOP-9TD5GPC MINGW64 ~/Documents/Classes/DeVops/Linux/Demo (main)
$ ls
Linux.txt

Vinay Kuresi@DESKTOP-9TD5GPC MINGW64 ~/Documents/Classes/DeVops/Linux/Demo (main)
$ rm Linux.txt

Vinay Kuresi@DESKTOP-9TD5GPC MINGW64 ~/Documents/Classes/DeVops/Linux/Demo (main)
$ ls

Vinay Kuresi@DESKTOP-9TD5GPC MINGW64 ~/Documents/Classes/DeVops/Linux/Demo (main)
$ cd ..

Vinay Kuresi@DESKTOP-9TD5GPC MINGW64 ~/Documents/Classes/DeVops/Linux (main)
$ rm Demo/
rm: cannot remove 'Demo/': Is a directory

Vinay Kuresi@DESKTOP-9TD5GPC MINGW64 ~/Documents/Classes/DeVops/Linux (main)
$ rmdir Demo/

Vinay Kuresi@DESKTOP-9TD5GPC MINGW64 ~/Documents/Classes/DeVops/Linux (main)
$ ls
'Change Directory in Ubuntu.txt'   Log_Files/         '~$troduction.docx'
 Linux_Commands/                   introduction.docx


---------------------------------------------------------------------------------

cal command : 

$ cal
November 2022   
Su Mo Tu We Th Fr Sa
       1  2  3  4  5
 6  7  8  9 10 11 12
13 14 15 16 17 18 19
20 21 22 23 24 25 26
27 28 29 30         
                    
$ cal 17 03 1991
March 1991     
Su Mo Tu We Th Fr Sa
                1  2
 3  4  5  6  7  8  9
10 11 12 13 14 15 16
17 18 19 20 21 22 23
24 25 26 27 28 29 30
31                  
$ cal -1 -m
November 2022   
Mo Tu We Th Fr Sa Su
    1  2  3  4  5  6
 7  8  9 10 11 12 13
14 15 16 17 18 19 20
21 22 23 24 25 26 27
28 29 30            


-------------------------------------------------------------------------------

date command : 

vinay@DESKTOP-9TD5GPC:/mnt/c/Users/Vinay Kuresi/Documents/Classes/DeVops$ date
Sun Nov 20 09:51:24 IST 2022
vinay@DESKTOP-9TD5GPC:/mnt/c/Users/Vinay Kuresi/Documents/Classes/DeVops$ date -d 10/03/1991
Thu Oct  3 00:00:00 IST 1991
vinay@DESKTOP-9TD5GPC:/mnt/c/Users/Vinay Kuresi/Documents/Classes/DeVops$ date -d 03/10/1991
Sun Mar 10 00:00:00 IST 1991
vinay@DESKTOP-9TD5GPC:/mnt/c/Users/Vinay Kuresi/Documents/Classes/DeVops$ date +"%d %a %b %Y"
20 Sun Nov 2022

-------------------------------------------------------------------------------

who command 

<Login Name><Pseudo-terminal ID><Logged in time><remote host name

who -r

who -q

who am i

or 

who -m

------------------------------------------------------------------------------

vinay@DESKTOP-9TD5GPC:/mnt/c/Users/Vinay Kuresi/Documents/Classes/DeVops$ who
vinay@DESKTOP-9TD5GPC:/mnt/c/Users/Vinay Kuresi/Documents/Classes/DeVops$ who -r
vinay@DESKTOP-9TD5GPC:/mnt/c/Users/Vinay Kuresi/Documents/Classes/DeVops$ who am i
vinay@DESKTOP-9TD5GPC:/mnt/c/Users/Vinay Kuresi/Documents/Classes/DeVops$ uname
Linux
vinay@DESKTOP-9TD5GPC:/mnt/c/Users/Vinay Kuresi/Documents/Classes/DeVops$ uname -p
x86_64
vinay@DESKTOP-9TD5GPC:/mnt/c/Users/Vinay Kuresi/Documents/Classes/DeVops$ uname -o
GNU/Linux
vinay@DESKTOP-9TD5GPC:/mnt/c/Users/Vinay Kuresi/Documents/Classes/DeVops$ echo "Garuda Careers"
Garuda Careers
vinay@DESKTOP-9TD5GPC:/mnt/c/Users/Vinay Kuresi/Documents/Classes/DeVops$ echo "Garuda\nCareers"
Garuda\nCareers
vinay@DESKTOP-9TD5GPC:/mnt/c/Users/Vinay Kuresi/Documents/Classes/DeVops$ echo "Garuda\nCareers"
Garuda\nCareers
vinay@DESKTOP-9TD5GPC:/mnt/c/Users/Vinay Kuresi/Documents/Classes/DeVops$ echo -e "Garuda\nCareers"
Garuda
Careers
vinay@DESKTOP-9TD5GPC:/mnt/c/Users/Vinay Kuresi/Documents/Classes/DeVops$ printf "My name is %s, my age is %d" Vinay 27
My name is Vinay, my age is 27vinay@DESKTOP-9TD5GPC:/mnt/c/Users/Vinay Kuresi/Documents/Classes/DeVops$ bc
bc 1.07.1
Copyright 1991-1994, 1997, 1998, 2000, 2004, 2006, 2008, 2012-2017 Free Software Foundation, Inc.
This is free software with ABSOLUTELY NO WARRANTY.
For details type `warranty'.
12*10
120
12*10;10+20
120
30
120/10
12
10/3
3
scale = 3
10/3
3.333
^C
(interrupt) use quit to exit.
^C
(interrupt) use quit to exit.
^C
(interrupt) use quit to exit.
^C
(interrupt) use quit to exit.
quit()
vinay@DESKTOP-9TD5GPC:/mnt/c/Users/Vinay Kuresi/Documents/Classes/DeVops$ tty
/dev/tty1
vinay@DESKTOP-9TD5GPC:/mnt/c/Users/Vinay Kuresi/Documents/Classes/DeVops$ which mkdir
/usr/bin/mkdir
vinay@DESKTOP-9TD5GPC:/mnt/c/Users/Vinay Kuresi/Documents/Classes/DeVops$ type mkdir
mkdir is /usr/bin/mkdir
vinay@DESKTOP-9TD5GPC:/mnt/c/Users/Vinay Kuresi/Documents/Classes/DeVops$ type exit
exit is a shell builtin
vinay@DESKTOP-9TD5GPC:/mnt/c/Users/Vinay Kuresi/Documents/Classes/DeVops$ type echo
echo is a shell builtin

------------------------------------------------------------------------------
